ARM Linker, 5.03 [Build 76] [MDK-ARM Lite]

==============================================================================

Section Cross References

    startup.o(STACK) refers (Special) to heapauxi.o(.text) for __use_two_region_memory
    startup.o(HEAP) refers (Special) to heapauxi.o(.text) for __use_two_region_memory
    startup.o(RESET) refers (Special) to heapauxi.o(.text) for __use_two_region_memory
    startup.o(RESET) refers to startup.o(STACK) for StackMem
    startup.o(RESET) refers to __main.o(!!!main) for __main
    startup.o(.text) refers (Special) to heapauxi.o(.text) for __use_two_region_memory
    startup.o(.text) refers to startup.o(HEAP) for HeapMem
    startup.o(.text) refers to startup.o(STACK) for StackMem
    cm3_mcu.o(.text) refers to delay.o(.text) for delay
    cm3_ports.o(.text) refers to delay.o(.text) for delay
    cm3_timer.o(.text) refers to fmul.o(x$fpl$fmul) for __aeabi_fmul
    cm3_timer.o(.text) refers to ffix.o(x$fpl$ffix) for __aeabi_f2iz
    cm3_uart.o(.text) refers to delay.o(.text) for delay
    cm3_qei.o(.text) refers to delay.o(.text) for delay
    cm3_pwm.o(.text) refers to delay.o(.text) for delay
    main.o(.text) refers to cm3_mcu.o(.text) for Init_MCU
    main.o(.text) refers to cm3_ports.o(.text) for Init_Ports
    main.o(.text) refers to cm3_uart.o(.text) for Init_uart_1
    main.o(.text) refers to cm3_qei.o(.text) for Init_QEI_0
    main.o(.text) refers to cm3_pwm.o(.text) for PWM2_Init
    main.o(.text) refers to cm3_timer.o(.text) for Config_Timer_0
    main.o(.text) refers to fifo.o(.text) for Crear_manejador_fifo
    main.o(.text) refers to rt_memcpy_w.o(.text) for __aeabi_memcpy4
    main.o(.text) refers to comunicacion.o(.text) for Crear_Buffer
    main.o(.text) refers to tiempo.o(.text) for Tm_Defina
    main.o(.text) refers to accionadores.o(.text) for Servicios_Acc
    main.o(.text) refers to control_valvula.o(.text) for Servicios_Final_Carrera
    main.o(.text) refers to encoder.o(.text) for Servicios_Encoder
    main.o(.text) refers to control_motor.o(.text) for Servicios_Motor
    main.o(.text) refers to main.o(.bss) for datos
    fifo.o(.text) refers to rt_memcpy_w.o(.text) for __aeabi_memcpy4
    accionadores.o(.text) refers to tiempo.o(.text) for Tm_Hubo_periodico
    accionadores.o(.text) refers to comunicacion.o(.text) for Enviar_Caracter_Uart1
    accionadores.o(.text) refers to fifo.o(.text) for Agregar_dato_fifo
    accionadores.o(.text) refers to accionadores.o(.data) for Tm_Accionadores
    control_valvula.o(.text) refers to tiempo.o(.text) for Tm_Hubo_periodico
    control_valvula.o(.text) refers to control_valvula.o(.data) for Tm_Valvula
    encoder.o(.text) refers to tiempo.o(.text) for Tm_Hubo_periodico
    encoder.o(.text) refers to cm3_qei.o(.text) for Encoder_Direction
    encoder.o(.text) refers to encoder.o(.data) for Tm_Encoder
    comunicacion.o(.text) refers to fifo.o(.text) for Crear_manejador_fifo
    comunicacion.o(.text) refers to rt_memcpy_w.o(.text) for __aeabi_memcpy4
    comunicacion.o(.text) refers to comunicacion.o(.bss) for datos_uart
    control_motor.o(.text) refers to tiempo.o(.text) for Tm_Hubo_periodico
    control_motor.o(.text) refers to cm3_pwm.o(.text) for PWM2_DISABLE_A
    control_motor.o(.text) refers to fifo.o(.text) for Extraer_dato_fifo
    control_motor.o(.text) refers to dflt_clz.o(x$fpl$dflt) for __aeabi_i2d
    control_motor.o(.text) refers to dmul.o(x$fpl$dmul) for __aeabi_dmul
    control_motor.o(.text) refers to dfix.o(x$fpl$dfix) for __aeabi_d2iz
    control_motor.o(.text) refers to control_motor.o(.data) for Tm_Control_Motor
    control_motor.o(.text) refers to dleqf.o(x$fpl$dleqf) for __aeabi_cdcmple
    control_motor.o(.text) refers to drleqf.o(x$fpl$drleqf) for __aeabi_cdrcmple
    control_motor.o(.text) refers to comunicacion.o(.text) for Enviar_Caracter_Uart1
    control_motor.o(.text) refers to dfixu.o(x$fpl$dfixu) for __aeabi_d2uiz
    __main.o(!!!main) refers to rtentry.o(.ARM.Collect$$rtentry$$00000000) for __rt_entry
    dfix.o(x$fpl$dfix) refers (Special) to usenofp.o(x$fpl$usenofp) for __I$use$fp
    dfix.o(x$fpl$dfix) refers to dnaninf.o(x$fpl$dnaninf) for __fpl_dnaninf
    dfix.o(x$fpl$dfixr) refers (Special) to usenofp.o(x$fpl$usenofp) for __I$use$fp
    dfix.o(x$fpl$dfixr) refers to dnaninf.o(x$fpl$dnaninf) for __fpl_dnaninf
    dfixu.o(x$fpl$dfixu) refers (Special) to usenofp.o(x$fpl$usenofp) for __I$use$fp
    dfixu.o(x$fpl$dfixu) refers to dnaninf.o(x$fpl$dnaninf) for __fpl_dnaninf
    dfixu.o(x$fpl$dfixur) refers (Special) to usenofp.o(x$fpl$usenofp) for __I$use$fp
    dfixu.o(x$fpl$dfixur) refers to dnaninf.o(x$fpl$dnaninf) for __fpl_dnaninf
    dflt_clz.o(x$fpl$dfltu) refers (Special) to usenofp.o(x$fpl$usenofp) for __I$use$fp
    dflt_clz.o(x$fpl$dflt) refers (Special) to usenofp.o(x$fpl$usenofp) for __I$use$fp
    dflt_clz.o(x$fpl$dfltn) refers (Special) to usenofp.o(x$fpl$usenofp) for __I$use$fp
    dleqf.o(x$fpl$dleqf) refers (Special) to usenofp.o(x$fpl$usenofp) for __I$use$fp
    dleqf.o(x$fpl$dleqf) refers to dnaninf.o(x$fpl$dnaninf) for __fpl_dnaninf
    dleqf.o(x$fpl$dleqf) refers to dcmpi.o(x$fpl$dcmpinf) for __fpl_dcmp_Inf
    dmul.o(x$fpl$dmul) refers (Special) to usenofp.o(x$fpl$usenofp) for __I$use$fp
    dmul.o(x$fpl$dmul) refers to dretinf.o(x$fpl$dretinf) for __fpl_dretinf
    dmul.o(x$fpl$dmul) refers to dnaninf.o(x$fpl$dnaninf) for __fpl_dnaninf
    drleqf.o(x$fpl$drleqf) refers (Special) to usenofp.o(x$fpl$usenofp) for __I$use$fp
    drleqf.o(x$fpl$drleqf) refers to dleqf.o(x$fpl$dleqf) for __fpl_dcmple_InfNaN
    ffix.o(x$fpl$ffix) refers (Special) to usenofp.o(x$fpl$usenofp) for __I$use$fp
    ffix.o(x$fpl$ffix) refers to fnaninf.o(x$fpl$fnaninf) for __fpl_fnaninf
    ffix.o(x$fpl$ffixr) refers (Special) to usenofp.o(x$fpl$usenofp) for __I$use$fp
    ffix.o(x$fpl$ffixr) refers to fnaninf.o(x$fpl$fnaninf) for __fpl_fnaninf
    fmul.o(x$fpl$fmul) refers (Special) to usenofp.o(x$fpl$usenofp) for __I$use$fp
    fmul.o(x$fpl$fmul) refers to fretinf.o(x$fpl$fretinf) for __fpl_fretinf
    fmul.o(x$fpl$fmul) refers to fnaninf.o(x$fpl$fnaninf) for __fpl_fnaninf
    rtentry.o(.ARM.Collect$$rtentry$$00000000) refers (Special) to rtentry2.o(.ARM.Collect$$rtentry$$0000000A) for __rt_entry_li
    rtentry.o(.ARM.Collect$$rtentry$$00000000) refers (Special) to rtentry2.o(.ARM.Collect$$rtentry$$0000000D) for __rt_entry_main
    rtentry.o(.ARM.Collect$$rtentry$$00000000) refers (Special) to rtentry2.o(.ARM.Collect$$rtentry$$0000000C) for __rt_entry_postli_1
    rtentry.o(.ARM.Collect$$rtentry$$00000000) refers (Special) to rtentry2.o(.ARM.Collect$$rtentry$$00000009) for __rt_entry_postsh_1
    rtentry.o(.ARM.Collect$$rtentry$$00000000) refers (Special) to rtentry2.o(.ARM.Collect$$rtentry$$00000002) for __rt_entry_presh_1
    rtentry.o(.ARM.Collect$$rtentry$$00000000) refers (Special) to rtentry4.o(.ARM.Collect$$rtentry$$00000004) for __rt_entry_sh
    dcmpi.o(x$fpl$dcmpinf) refers (Special) to usenofp.o(x$fpl$usenofp) for __I$use$fp
    dnaninf.o(x$fpl$dnaninf) refers (Special) to usenofp.o(x$fpl$usenofp) for __I$use$fp
    dretinf.o(x$fpl$dretinf) refers (Special) to usenofp.o(x$fpl$usenofp) for __I$use$fp
    fnaninf.o(x$fpl$fnaninf) refers (Special) to usenofp.o(x$fpl$usenofp) for __I$use$fp
    fretinf.o(x$fpl$fretinf) refers (Special) to usenofp.o(x$fpl$usenofp) for __I$use$fp
    rtentry2.o(.ARM.Collect$$rtentry$$00000008) refers to boardinit2.o(.text) for _platform_post_stackheap_init
    rtentry2.o(.ARM.Collect$$rtentry$$0000000A) refers to libinit.o(.ARM.Collect$$libinit$$00000000) for __rt_lib_init
    rtentry2.o(.ARM.Collect$$rtentry$$0000000B) refers to boardinit3.o(.text) for _platform_post_lib_init
    rtentry2.o(.ARM.Collect$$rtentry$$0000000D) refers to main.o(.text) for main
    rtentry2.o(.ARM.Collect$$rtentry$$0000000D) refers to exit.o(.text) for exit
    rtentry2.o(.ARM.exidx) refers to rtentry2.o(.ARM.Collect$$rtentry$$00000001) for .ARM.Collect$$rtentry$$00000001
    rtentry2.o(.ARM.exidx) refers to rtentry2.o(.ARM.Collect$$rtentry$$00000008) for .ARM.Collect$$rtentry$$00000008
    rtentry2.o(.ARM.exidx) refers to rtentry2.o(.ARM.Collect$$rtentry$$0000000A) for .ARM.Collect$$rtentry$$0000000A
    rtentry2.o(.ARM.exidx) refers to rtentry2.o(.ARM.Collect$$rtentry$$0000000B) for .ARM.Collect$$rtentry$$0000000B
    rtentry2.o(.ARM.exidx) refers to rtentry2.o(.ARM.Collect$$rtentry$$0000000D) for .ARM.Collect$$rtentry$$0000000D
    rtentry4.o(.ARM.Collect$$rtentry$$00000004) refers to sys_stackheap_outer.o(.text) for __user_setup_stackheap
    rtentry4.o(.ARM.exidx) refers to rtentry4.o(.ARM.Collect$$rtentry$$00000004) for .ARM.Collect$$rtentry$$00000004
    sys_stackheap_outer.o(.text) refers to libspace.o(.text) for __user_perproc_libspace
    sys_stackheap_outer.o(.text) refers to startup.o(.text) for __user_initial_stackheap
    exit.o(.text) refers to rtexit.o(.ARM.Collect$$rtexit$$00000000) for __rt_exit
    libinit.o(.ARM.Collect$$libinit$$00000000) refers (Special) to libinit2.o(.ARM.Collect$$libinit$$0000002C) for __rt_lib_init_alloca_1
    libinit.o(.ARM.Collect$$libinit$$00000000) refers (Special) to libinit2.o(.ARM.Collect$$libinit$$0000002A) for __rt_lib_init_argv_1
    libinit.o(.ARM.Collect$$libinit$$00000000) refers (Special) to libinit2.o(.ARM.Collect$$libinit$$00000019) for __rt_lib_init_atexit_1
    libinit.o(.ARM.Collect$$libinit$$00000000) refers (Special) to libinit2.o(.ARM.Collect$$libinit$$0000001F) for __rt_lib_init_clock_1
    libinit.o(.ARM.Collect$$libinit$$00000000) refers (Special) to libinit2.o(.ARM.Collect$$libinit$$00000030) for __rt_lib_init_cpp_1
    libinit.o(.ARM.Collect$$libinit$$00000000) refers (Special) to libinit2.o(.ARM.Collect$$libinit$$0000002E) for __rt_lib_init_exceptions_1
    libinit.o(.ARM.Collect$$libinit$$00000000) refers (Special) to libinit2.o(.ARM.Collect$$libinit$$00000002) for __rt_lib_init_fp_1
    libinit.o(.ARM.Collect$$libinit$$00000000) refers (Special) to libinit2.o(.ARM.Collect$$libinit$$0000001D) for __rt_lib_init_fp_trap_1
    libinit.o(.ARM.Collect$$libinit$$00000000) refers (Special) to libinit2.o(.ARM.Collect$$libinit$$00000021) for __rt_lib_init_getenv_1
    libinit.o(.ARM.Collect$$libinit$$00000000) refers (Special) to libinit2.o(.ARM.Collect$$libinit$$00000008) for __rt_lib_init_heap_1
    libinit.o(.ARM.Collect$$libinit$$00000000) refers (Special) to libinit2.o(.ARM.Collect$$libinit$$0000000F) for __rt_lib_init_lc_collate_1
    libinit.o(.ARM.Collect$$libinit$$00000000) refers (Special) to libinit2.o(.ARM.Collect$$libinit$$00000011) for __rt_lib_init_lc_ctype_1
    libinit.o(.ARM.Collect$$libinit$$00000000) refers (Special) to libinit2.o(.ARM.Collect$$libinit$$00000013) for __rt_lib_init_lc_monetary_1
    libinit.o(.ARM.Collect$$libinit$$00000000) refers (Special) to libinit2.o(.ARM.Collect$$libinit$$00000015) for __rt_lib_init_lc_numeric_1
    libinit.o(.ARM.Collect$$libinit$$00000000) refers (Special) to libinit2.o(.ARM.Collect$$libinit$$00000017) for __rt_lib_init_lc_time_1
    libinit.o(.ARM.Collect$$libinit$$00000000) refers (Special) to libinit2.o(.ARM.Collect$$libinit$$0000000C) for __rt_lib_init_rand_1
    libinit.o(.ARM.Collect$$libinit$$00000000) refers (Special) to libinit2.o(.ARM.Collect$$libinit$$00000031) for __rt_lib_init_return
    libinit.o(.ARM.Collect$$libinit$$00000000) refers (Special) to libinit2.o(.ARM.Collect$$libinit$$0000001B) for __rt_lib_init_signal_1
    libinit.o(.ARM.Collect$$libinit$$00000000) refers (Special) to libinit2.o(.ARM.Collect$$libinit$$00000023) for __rt_lib_init_stdio_1
    libinit.o(.ARM.Collect$$libinit$$00000000) refers (Special) to libinit2.o(.ARM.Collect$$libinit$$0000000A) for __rt_lib_init_user_alloc_1
    libspace.o(.text) refers to libspace.o(.bss) for __libspace_start
    rtexit.o(.ARM.Collect$$rtexit$$00000000) refers (Special) to rtexit2.o(.ARM.Collect$$rtexit$$00000004) for __rt_exit_exit
    rtexit.o(.ARM.Collect$$rtexit$$00000000) refers (Special) to rtexit2.o(.ARM.Collect$$rtexit$$00000003) for __rt_exit_ls
    rtexit.o(.ARM.Collect$$rtexit$$00000000) refers (Special) to rtexit2.o(.ARM.Collect$$rtexit$$00000002) for __rt_exit_prels_1
    rtexit.o(.ARM.exidx) refers (Special) to rtexit2.o(.ARM.Collect$$rtexit$$00000004) for __rt_exit_exit
    rtexit.o(.ARM.exidx) refers (Special) to rtexit2.o(.ARM.Collect$$rtexit$$00000003) for __rt_exit_ls
    rtexit.o(.ARM.exidx) refers (Special) to rtexit2.o(.ARM.Collect$$rtexit$$00000002) for __rt_exit_prels_1
    rtexit.o(.ARM.exidx) refers to rtexit.o(.ARM.Collect$$rtexit$$00000000) for .ARM.Collect$$rtexit$$00000000
    libinit2.o(.ARM.Collect$$libinit$$0000000E) refers to libinit2.o(.ARM.Collect$$libinit$$0000000D) for .ARM.Collect$$libinit$$0000000D
    libinit2.o(.ARM.Collect$$libinit$$00000010) refers to libinit2.o(.ARM.Collect$$libinit$$0000000D) for .ARM.Collect$$libinit$$0000000D
    libinit2.o(.ARM.Collect$$libinit$$00000012) refers to libinit2.o(.ARM.Collect$$libinit$$0000000D) for .ARM.Collect$$libinit$$0000000D
    libinit2.o(.ARM.Collect$$libinit$$00000014) refers to libinit2.o(.ARM.Collect$$libinit$$0000000D) for .ARM.Collect$$libinit$$0000000D
    libinit2.o(.ARM.Collect$$libinit$$00000016) refers to libinit2.o(.ARM.Collect$$libinit$$0000000D) for .ARM.Collect$$libinit$$0000000D
    libinit2.o(.ARM.Collect$$libinit$$00000024) refers to argv_veneer.o(.emb_text) for __ARM_argv_veneer
    libinit2.o(.ARM.Collect$$libinit$$00000025) refers to argv_veneer.o(.emb_text) for __ARM_argv_veneer
    rtexit2.o(.ARM.Collect$$rtexit$$00000003) refers to libshutdown.o(.ARM.Collect$$libshutdown$$00000000) for __rt_lib_shutdown
    rtexit2.o(.ARM.Collect$$rtexit$$00000004) refers to sys_exit.o(.text) for _sys_exit
    rtexit2.o(.ARM.exidx) refers to rtexit2.o(.ARM.Collect$$rtexit$$00000001) for .ARM.Collect$$rtexit$$00000001
    rtexit2.o(.ARM.exidx) refers to rtexit2.o(.ARM.Collect$$rtexit$$00000003) for .ARM.Collect$$rtexit$$00000003
    rtexit2.o(.ARM.exidx) refers to rtexit2.o(.ARM.Collect$$rtexit$$00000004) for .ARM.Collect$$rtexit$$00000004
    argv_veneer.o(.emb_text) refers to no_argv.o(.text) for __ARM_get_argv
    sys_exit.o(.text) refers (Special) to use_no_semi.o(.text) for __I$use$semihosting
    sys_exit.o(.text) refers (Special) to indicate_semi.o(.text) for __semihosting_library_function
    _get_argv_nomalloc.o(.text) refers (Special) to hrguard.o(.text) for __heap_region$guard
    _get_argv_nomalloc.o(.text) refers to defsig_rtmem_outer.o(.text) for __rt_SIGRTMEM
    _get_argv_nomalloc.o(.text) refers to sys_command.o(.text) for _sys_command_string
    libshutdown.o(.ARM.Collect$$libshutdown$$00000000) refers (Special) to libshutdown2.o(.ARM.Collect$$libshutdown$$00000006) for __rt_lib_shutdown_fp_trap_1
    libshutdown.o(.ARM.Collect$$libshutdown$$00000000) refers (Special) to libshutdown2.o(.ARM.Collect$$libshutdown$$0000000E) for __rt_lib_shutdown_heap_1
    libshutdown.o(.ARM.Collect$$libshutdown$$00000000) refers (Special) to libshutdown2.o(.ARM.Collect$$libshutdown$$0000000F) for __rt_lib_shutdown_return
    libshutdown.o(.ARM.Collect$$libshutdown$$00000000) refers (Special) to libshutdown2.o(.ARM.Collect$$libshutdown$$00000009) for __rt_lib_shutdown_signal_1
    libshutdown.o(.ARM.Collect$$libshutdown$$00000000) refers (Special) to libshutdown2.o(.ARM.Collect$$libshutdown$$00000003) for __rt_lib_shutdown_stdio_1
    libshutdown.o(.ARM.Collect$$libshutdown$$00000000) refers (Special) to libshutdown2.o(.ARM.Collect$$libshutdown$$0000000B) for __rt_lib_shutdown_user_alloc_1
    sys_command.o(.text) refers (Special) to use_no_semi.o(.text) for __I$use$semihosting
    sys_command.o(.text) refers (Special) to indicate_semi.o(.text) for __semihosting_library_function
    defsig_rtmem_outer.o(.text) refers to defsig_rtmem_inner.o(.text) for __rt_SIGRTMEM_inner
    defsig_rtmem_outer.o(.text) refers to defsig_exit.o(.text) for __sig_exit
    defsig_rtmem_formal.o(.text) refers to rt_raise.o(.text) for __rt_raise
    rt_raise.o(.text) refers to __raise.o(.text) for __raise
    rt_raise.o(.text) refers to sys_exit.o(.text) for _sys_exit
    defsig_exit.o(.text) refers to sys_exit.o(.text) for _sys_exit
    defsig_rtmem_inner.o(.text) refers to defsig_general.o(.text) for __default_signal_display
    __raise.o(.text) refers to defsig.o(CL$$defsig) for __default_signal_handler
    defsig_general.o(.text) refers to sys_wrch.o(.text) for _ttywrch
    sys_wrch.o(.text) refers (Special) to use_no_semi.o(.text) for __I$use$semihosting
    sys_wrch.o(.text) refers (Special) to indicate_semi.o(.text) for __semihosting_library_function
    defsig.o(CL$$defsig) refers to defsig_rtmem_inner.o(.text) for __rt_SIGRTMEM_inner
    defsig_abrt_inner.o(.text) refers to defsig_general.o(.text) for __default_signal_display
    defsig_fpe_inner.o(.text) refers to defsig_general.o(.text) for __default_signal_display
    defsig_rtred_inner.o(.text) refers to defsig_general.o(.text) for __default_signal_display
    defsig_stak_inner.o(.text) refers to defsig_general.o(.text) for __default_signal_display
    defsig_pvfn_inner.o(.text) refers to defsig_general.o(.text) for __default_signal_display
    defsig_cppl_inner.o(.text) refers to defsig_general.o(.text) for __default_signal_display
    defsig_segv_inner.o(.text) refers to defsig_general.o(.text) for __default_signal_display
    defsig_other.o(.text) refers to defsig_general.o(.text) for __default_signal_display


==============================================================================

Image Symbol Table

    Local Symbols

    Symbol Name                              Value     Ov Type        Size  Object(Section)

    RESET                                    0x00000000   Section      268  startup.o(RESET)
    ../clib/angel/boardlib.s                 0x00000000   Number         0  boardshut.o ABSOLUTE
    ../clib/angel/boardlib.s                 0x00000000   Number         0  boardinit1.o ABSOLUTE
    ../clib/angel/boardlib.s                 0x00000000   Number         0  boardinit3.o ABSOLUTE
    ../clib/angel/boardlib.s                 0x00000000   Number         0  boardinit2.o ABSOLUTE
    ../clib/angel/handlers.s                 0x00000000   Number         0  __scatter_copy.o ABSOLUTE
    ../clib/angel/handlers.s                 0x00000000   Number         0  __scatter_zi.o ABSOLUTE
    ../clib/angel/kernel.s                   0x00000000   Number         0  rtentry4.o ABSOLUTE
    ../clib/angel/kernel.s                   0x00000000   Number         0  rtentry2.o ABSOLUTE
    ../clib/angel/kernel.s                   0x00000000   Number         0  rtexit.o ABSOLUTE
    ../clib/angel/kernel.s                   0x00000000   Number         0  rtexit2.o ABSOLUTE
    ../clib/angel/kernel.s                   0x00000000   Number         0  rtentry.o ABSOLUTE
    ../clib/angel/rt.s                       0x00000000   Number         0  rt_raise.o ABSOLUTE
    ../clib/angel/scatter.s                  0x00000000   Number         0  __scatter.o ABSOLUTE
    ../clib/angel/startup.s                  0x00000000   Number         0  __main.o ABSOLUTE
    ../clib/angel/sys.s                      0x00000000   Number         0  libspace.o ABSOLUTE
    ../clib/angel/sys.s                      0x00000000   Number         0  indicate_semi.o ABSOLUTE
    ../clib/angel/sys.s                      0x00000000   Number         0  use_no_semi.o ABSOLUTE
    ../clib/angel/sys.s                      0x00000000   Number         0  sys_stackheap_outer.o ABSOLUTE
    ../clib/angel/sysapp.c                   0x00000000   Number         0  sys_exit.o ABSOLUTE
    ../clib/angel/sysapp.c                   0x00000000   Number         0  sys_wrch.o ABSOLUTE
    ../clib/angel/sysapp.c                   0x00000000   Number         0  sys_command.o ABSOLUTE
    ../clib/armsys.c                         0x00000000   Number         0  argv_veneer.o ABSOLUTE
    ../clib/armsys.c                         0x00000000   Number         0  _get_argv_nomalloc.o ABSOLUTE
    ../clib/armsys.c                         0x00000000   Number         0  no_argv.o ABSOLUTE
    ../clib/armsys.c                         0x00000000   Number         0  argv_veneer.o ABSOLUTE
    ../clib/heapalloc.c                      0x00000000   Number         0  hrguard.o ABSOLUTE
    ../clib/heapaux.c                        0x00000000   Number         0  heapauxi.o ABSOLUTE
    ../clib/libinit.s                        0x00000000   Number         0  libshutdown2.o ABSOLUTE
    ../clib/libinit.s                        0x00000000   Number         0  libshutdown.o ABSOLUTE
    ../clib/libinit.s                        0x00000000   Number         0  libinit2.o ABSOLUTE
    ../clib/libinit.s                        0x00000000   Number         0  libinit.o ABSOLUTE
    ../clib/memcpset.s                       0x00000000   Number         0  rt_memcpy_w.o ABSOLUTE
    ../clib/signal.c                         0x00000000   Number         0  __raise.o ABSOLUTE
    ../clib/signal.c                         0x00000000   Number         0  defsig_rtmem_inner.o ABSOLUTE
    ../clib/signal.c                         0x00000000   Number         0  defsig_exit.o ABSOLUTE
    ../clib/signal.c                         0x00000000   Number         0  defsig_cppl_inner.o ABSOLUTE
    ../clib/signal.c                         0x00000000   Number         0  defsig_segv_inner.o ABSOLUTE
    ../clib/signal.c                         0x00000000   Number         0  defsig_other.o ABSOLUTE
    ../clib/signal.c                         0x00000000   Number         0  defsig_rtmem_formal.o ABSOLUTE
    ../clib/signal.c                         0x00000000   Number         0  defsig_rtred_inner.o ABSOLUTE
    ../clib/signal.c                         0x00000000   Number         0  defsig_general.o ABSOLUTE
    ../clib/signal.c                         0x00000000   Number         0  defsig_abrt_inner.o ABSOLUTE
    ../clib/signal.c                         0x00000000   Number         0  defsig_fpe_inner.o ABSOLUTE
    ../clib/signal.c                         0x00000000   Number         0  defsig_rtmem_outer.o ABSOLUTE
    ../clib/signal.c                         0x00000000   Number         0  defsig_stak_inner.o ABSOLUTE
    ../clib/signal.c                         0x00000000   Number         0  defsig_pvfn_inner.o ABSOLUTE
    ../clib/signal.s                         0x00000000   Number         0  defsig.o ABSOLUTE
    ../clib/stdlib.c                         0x00000000   Number         0  exit.o ABSOLUTE
    ../fplib/dcmpi.s                         0x00000000   Number         0  dcmpi.o ABSOLUTE
    ../fplib/dfix.s                          0x00000000   Number         0  dfix.o ABSOLUTE
    ../fplib/dfixu.s                         0x00000000   Number         0  dfixu.o ABSOLUTE
    ../fplib/dflt.s                          0x00000000   Number         0  dflt_clz.o ABSOLUTE
    ../fplib/dleqf.s                         0x00000000   Number         0  dleqf.o ABSOLUTE
    ../fplib/dmul.s                          0x00000000   Number         0  dmul.o ABSOLUTE
    ../fplib/dnaninf.s                       0x00000000   Number         0  dnaninf.o ABSOLUTE
    ../fplib/dretinf.s                       0x00000000   Number         0  dretinf.o ABSOLUTE
    ../fplib/drleqf.s                        0x00000000   Number         0  drleqf.o ABSOLUTE
    ../fplib/ffix.s                          0x00000000   Number         0  ffix.o ABSOLUTE
    ../fplib/fmul.s                          0x00000000   Number         0  fmul.o ABSOLUTE
    ../fplib/fnaninf.s                       0x00000000   Number         0  fnaninf.o ABSOLUTE
    ../fplib/fpinit.s                        0x00000000   Number         0  fpinit.o ABSOLUTE
    ../fplib/fretinf.s                       0x00000000   Number         0  fretinf.o ABSOLUTE
    ../fplib/usenofp.s                       0x00000000   Number         0  usenofp.o ABSOLUTE
    Sources\Accionadores.c                   0x00000000   Number         0  accionadores.o ABSOLUTE
    Sources\CM3_MCU.c                        0x00000000   Number         0  cm3_mcu.o ABSOLUTE
    Sources\CM3_PORTS.c                      0x00000000   Number         0  cm3_ports.o ABSOLUTE
    Sources\CM3_PWM.c                        0x00000000   Number         0  cm3_pwm.o ABSOLUTE
    Sources\CM3_QEI.c                        0x00000000   Number         0  cm3_qei.o ABSOLUTE
    Sources\CM3_TIMER.c                      0x00000000   Number         0  cm3_timer.o ABSOLUTE
    Sources\CM3_UART.c                       0x00000000   Number         0  cm3_uart.o ABSOLUTE
    Sources\Comunicacion.c                   0x00000000   Number         0  comunicacion.o ABSOLUTE
    Sources\Control_Motor.c                  0x00000000   Number         0  control_motor.o ABSOLUTE
    Sources\Control_valvula.c                0x00000000   Number         0  control_valvula.o ABSOLUTE
    Sources\Delay.c                          0x00000000   Number         0  delay.o ABSOLUTE
    Sources\Encoder.c                        0x00000000   Number         0  encoder.o ABSOLUTE
    Sources\Fifo.c                           0x00000000   Number         0  fifo.o ABSOLUTE
    Sources\Tiempo.c                         0x00000000   Number         0  tiempo.o ABSOLUTE
    Sources\main.c                           0x00000000   Number         0  main.o ABSOLUTE
    Startup.s                                0x00000000   Number         0  startup.o ABSOLUTE
    dc.s                                     0x00000000   Number         0  dc.o ABSOLUTE
    NmiSR                                    0x00000105   Thumb Code     0  startup.o(RESET)
    FaultISR                                 0x00000107   Thumb Code     0  startup.o(RESET)
    IntDefaultHandler                        0x00000109   Thumb Code     0  startup.o(RESET)
    !!!main                                  0x0000010c   Section        8  __main.o(!!!main)
    !!!scatter                               0x00000114   Section       52  __scatter.o(!!!scatter)
    !!handler_copy                           0x00000148   Section       26  __scatter_copy.o(!!handler_copy)
    !!handler_zi                             0x00000164   Section       28  __scatter_zi.o(!!handler_zi)
    .ARM.Collect$$libinit$$00000000          0x00000180   Section        2  libinit.o(.ARM.Collect$$libinit$$00000000)
    .ARM.Collect$$libinit$$00000002          0x00000182   Section        0  libinit2.o(.ARM.Collect$$libinit$$00000002)
    .ARM.Collect$$libinit$$00000008          0x00000182   Section        0  libinit2.o(.ARM.Collect$$libinit$$00000008)
    .ARM.Collect$$libinit$$0000000A          0x00000182   Section        0  libinit2.o(.ARM.Collect$$libinit$$0000000A)
    .ARM.Collect$$libinit$$0000000C          0x00000182   Section        0  libinit2.o(.ARM.Collect$$libinit$$0000000C)
    .ARM.Collect$$libinit$$0000000F          0x00000182   Section        0  libinit2.o(.ARM.Collect$$libinit$$0000000F)
    .ARM.Collect$$libinit$$00000011          0x00000182   Section        0  libinit2.o(.ARM.Collect$$libinit$$00000011)
    .ARM.Collect$$libinit$$00000013          0x00000182   Section        0  libinit2.o(.ARM.Collect$$libinit$$00000013)
    .ARM.Collect$$libinit$$00000015          0x00000182   Section        0  libinit2.o(.ARM.Collect$$libinit$$00000015)
    .ARM.Collect$$libinit$$00000017          0x00000182   Section        0  libinit2.o(.ARM.Collect$$libinit$$00000017)
    .ARM.Collect$$libinit$$00000019          0x00000182   Section        0  libinit2.o(.ARM.Collect$$libinit$$00000019)
    .ARM.Collect$$libinit$$0000001B          0x00000182   Section        0  libinit2.o(.ARM.Collect$$libinit$$0000001B)
    .ARM.Collect$$libinit$$0000001D          0x00000182   Section        0  libinit2.o(.ARM.Collect$$libinit$$0000001D)
    .ARM.Collect$$libinit$$0000001F          0x00000182   Section        0  libinit2.o(.ARM.Collect$$libinit$$0000001F)
    .ARM.Collect$$libinit$$00000021          0x00000182   Section        0  libinit2.o(.ARM.Collect$$libinit$$00000021)
    .ARM.Collect$$libinit$$00000023          0x00000182   Section        0  libinit2.o(.ARM.Collect$$libinit$$00000023)
    .ARM.Collect$$libinit$$0000002A          0x00000182   Section        0  libinit2.o(.ARM.Collect$$libinit$$0000002A)
    .ARM.Collect$$libinit$$0000002C          0x00000182   Section        0  libinit2.o(.ARM.Collect$$libinit$$0000002C)
    .ARM.Collect$$libinit$$0000002E          0x00000182   Section        0  libinit2.o(.ARM.Collect$$libinit$$0000002E)
    .ARM.Collect$$libinit$$00000030          0x00000182   Section        0  libinit2.o(.ARM.Collect$$libinit$$00000030)
    .ARM.Collect$$libinit$$00000031          0x00000182   Section        2  libinit2.o(.ARM.Collect$$libinit$$00000031)
    .ARM.Collect$$libshutdown$$00000000      0x00000184   Section        2  libshutdown.o(.ARM.Collect$$libshutdown$$00000000)
    .ARM.Collect$$libshutdown$$00000003      0x00000186   Section        0  libshutdown2.o(.ARM.Collect$$libshutdown$$00000003)
    .ARM.Collect$$libshutdown$$00000006      0x00000186   Section        0  libshutdown2.o(.ARM.Collect$$libshutdown$$00000006)
    .ARM.Collect$$libshutdown$$00000009      0x00000186   Section        0  libshutdown2.o(.ARM.Collect$$libshutdown$$00000009)
    .ARM.Collect$$libshutdown$$0000000B      0x00000186   Section        0  libshutdown2.o(.ARM.Collect$$libshutdown$$0000000B)
    .ARM.Collect$$libshutdown$$0000000E      0x00000186   Section        0  libshutdown2.o(.ARM.Collect$$libshutdown$$0000000E)
    .ARM.Collect$$libshutdown$$0000000F      0x00000186   Section        2  libshutdown2.o(.ARM.Collect$$libshutdown$$0000000F)
    .ARM.Collect$$rtentry$$00000000          0x00000188   Section        0  rtentry.o(.ARM.Collect$$rtentry$$00000000)
    .ARM.Collect$$rtentry$$00000002          0x00000188   Section        0  rtentry2.o(.ARM.Collect$$rtentry$$00000002)
    .ARM.Collect$$rtentry$$00000004          0x00000188   Section        6  rtentry4.o(.ARM.Collect$$rtentry$$00000004)
    .ARM.Collect$$rtentry$$00000009          0x0000018e   Section        0  rtentry2.o(.ARM.Collect$$rtentry$$00000009)
    .ARM.Collect$$rtentry$$0000000A          0x0000018e   Section        4  rtentry2.o(.ARM.Collect$$rtentry$$0000000A)
    .ARM.Collect$$rtentry$$0000000C          0x00000192   Section        0  rtentry2.o(.ARM.Collect$$rtentry$$0000000C)
    .ARM.Collect$$rtentry$$0000000D          0x00000192   Section        8  rtentry2.o(.ARM.Collect$$rtentry$$0000000D)
    .ARM.Collect$$rtexit$$00000000           0x0000019a   Section        2  rtexit.o(.ARM.Collect$$rtexit$$00000000)
    .ARM.Collect$$rtexit$$00000002           0x0000019c   Section        0  rtexit2.o(.ARM.Collect$$rtexit$$00000002)
    .ARM.Collect$$rtexit$$00000003           0x0000019c   Section        4  rtexit2.o(.ARM.Collect$$rtexit$$00000003)
    .ARM.Collect$$rtexit$$00000004           0x000001a0   Section        6  rtexit2.o(.ARM.Collect$$rtexit$$00000004)
    .text                                    0x000001a8   Section       24  startup.o(.text)
    .text                                    0x000001c0   Section        0  cm3_mcu.o(.text)
    .text                                    0x000001e8   Section        0  cm3_ports.o(.text)
    .text                                    0x000002fc   Section        0  cm3_timer.o(.text)
    .text                                    0x00000330   Section        0  cm3_uart.o(.text)
    .text                                    0x00000454   Section        0  delay.o(.text)
    .text                                    0x00000470   Section        0  cm3_qei.o(.text)
    .text                                    0x00000590   Section        0  cm3_pwm.o(.text)
    .text                                    0x000006ac   Section        0  main.o(.text)
    .text                                    0x00000804   Section        0  tiempo.o(.text)
    .text                                    0x00000998   Section        0  fifo.o(.text)
    .text                                    0x00000a54   Section        0  accionadores.o(.text)
    .text                                    0x00000b7c   Section        0  control_valvula.o(.text)
    .text                                    0x00000ca0   Section        0  encoder.o(.text)
    .text                                    0x00000df0   Section        0  comunicacion.o(.text)
    .text                                    0x0000102c   Section        0  control_motor.o(.text)
    .text                                    0x000015b0   Section      100  rt_memcpy_w.o(.text)
    .text                                    0x00001614   Section        0  heapauxi.o(.text)
    .text                                    0x0000161a   Section       74  sys_stackheap_outer.o(.text)
    .text                                    0x00001664   Section        0  exit.o(.text)
    .text                                    0x00001670   Section        8  libspace.o(.text)
    .text                                    0x00001678   Section        0  sys_exit.o(.text)
    .text                                    0x00001684   Section        2  use_no_semi.o(.text)
    .text                                    0x00001686   Section        0  indicate_semi.o(.text)
    x$fpl$dcmpinf                            0x00001686   Section       24  dcmpi.o(x$fpl$dcmpinf)
    x$fpl$dfix                               0x000016a0   Section       94  dfix.o(x$fpl$dfix)
    x$fpl$dfixu                              0x00001700   Section       90  dfixu.o(x$fpl$dfixu)
    x$fpl$dflt                               0x0000175a   Section       46  dflt_clz.o(x$fpl$dflt)
    x$fpl$dleqf                              0x00001788   Section      120  dleqf.o(x$fpl$dleqf)
    x$fpl$dmul                               0x00001800   Section      340  dmul.o(x$fpl$dmul)
    x$fpl$dnaninf                            0x00001954   Section      156  dnaninf.o(x$fpl$dnaninf)
    x$fpl$dretinf                            0x000019f0   Section       12  dretinf.o(x$fpl$dretinf)
    x$fpl$drleqf                             0x000019fc   Section      108  drleqf.o(x$fpl$drleqf)
    x$fpl$ffix                               0x00001a68   Section       54  ffix.o(x$fpl$ffix)
    x$fpl$fmul                               0x00001aa0   Section      258  fmul.o(x$fpl$fmul)
    x$fpl$fnaninf                            0x00001ba2   Section      140  fnaninf.o(x$fpl$fnaninf)
    x$fpl$fretinf                            0x00001c2e   Section       10  fretinf.o(x$fpl$fretinf)
    x$fpl$usenofp                            0x00001c38   Section        0  usenofp.o(x$fpl$usenofp)
    .data                                    0x20000000   Section       16  accionadores.o(.data)
    cargar                                   0x20000008   Data           4  accionadores.o(.data)
    Tm_Accionadores                          0x2000000c   Data           4  accionadores.o(.data)
    .data                                    0x20000010   Section       12  control_valvula.o(.data)
    Tm_Valvula                               0x20000018   Data           4  control_valvula.o(.data)
    .data                                    0x2000001c   Section       32  encoder.o(.data)
    Tm_Encoder                               0x20000034   Data           4  encoder.o(.data)
    Motor                                    0x20000038   Data           4  encoder.o(.data)
    .data                                    0x20000040   Section       64  control_motor.o(.data)
    Tm_Control_Motor                         0x20000070   Data           4  control_motor.o(.data)
    t_Control_Motor                          0x20000074   Data           4  control_motor.o(.data)
    t_Leer_Pedales                           0x20000078   Data           4  control_motor.o(.data)
    .bss                                     0x20000080   Section      134  main.o(.bss)
    t_periodicos                             0x20000080   Data          48  main.o(.bss)
    t_timeouts                               0x200000b0   Data          24  main.o(.bss)
    c_tiempo                                 0x200000c8   Data          16  main.o(.bss)
    c_motor                                  0x200000d8   Data          16  main.o(.bss)
    myfifo                                   0x200000e8   Data          20  main.o(.bss)
    datos                                    0x200000fc   Data          10  main.o(.bss)
    .bss                                     0x20000108   Section     1020  comunicacion.o(.bss)
    buffer_comunicacion                      0x20000108   Data          20  comunicacion.o(.bss)
    datos_uart                               0x2000011c   Data        1000  comunicacion.o(.bss)
    .bss                                     0x20000504   Section       96  libspace.o(.bss)
    HEAP                                     0x20000568   Section        0  startup.o(HEAP)
    STACK                                    0x20000568   Section      256  startup.o(STACK)
    HeapMem                                  0x20000568   Data           0  startup.o(HEAP)
    StackMem                                 0x20000568   Data           0  startup.o(STACK)

    Global Symbols

    Symbol Name                              Value     Ov Type        Size  Object(Section)

    BuildAttributes$$THM_ISAv4$P$D$K$B$S$PE$A:L22UL41UL21$X:L11$S22US41US21$IEEE1$IW$USESV6$~STKCKD$USESV7$~SHL$OSPACE$ROPI$EBA8$UX$STANDARDLIB$REQ8$PRES8$EABIv2 0x00000000   Number         0  anon$$obj.o ABSOLUTE
    __ARM_use_no_argv                        0x00000000   Number         0  main.o ABSOLUTE
    __Vectors                                0x00000000   Data           0  startup.o(RESET)
    __ARM_exceptions_init                     - Undefined Weak Reference
    __alloca_initialize                       - Undefined Weak Reference
    __cpp_initialize__aeabi_                  - Undefined Weak Reference
    __cxa_finalize                            - Undefined Weak Reference
    __rt_locale                               - Undefined Weak Reference
    __sigvec_lookup                           - Undefined Weak Reference
    _atexit_init                              - Undefined Weak Reference
    _call_atexit_fns                          - Undefined Weak Reference
    _clock_init                               - Undefined Weak Reference
    _fp_trap_init                             - Undefined Weak Reference
    _fp_trap_shutdown                         - Undefined Weak Reference
    _get_lc_collate                           - Undefined Weak Reference
    _get_lc_ctype                             - Undefined Weak Reference
    _get_lc_monetary                          - Undefined Weak Reference
    _get_lc_numeric                           - Undefined Weak Reference
    _get_lc_time                              - Undefined Weak Reference
    _getenv_init                              - Undefined Weak Reference
    _handle_redirection                       - Undefined Weak Reference
    _init_alloc                               - Undefined Weak Reference
    _init_user_alloc                          - Undefined Weak Reference
    _initio                                   - Undefined Weak Reference
    _rand_init                                - Undefined Weak Reference
    _signal_finish                            - Undefined Weak Reference
    _signal_init                              - Undefined Weak Reference
    _terminate_alloc                          - Undefined Weak Reference
    _terminate_user_alloc                     - Undefined Weak Reference
    _terminateio                              - Undefined Weak Reference
    Reset_Handler                            0x00000101   Thumb Code     0  startup.o(RESET)
    __main                                   0x0000010d   Thumb Code     8  __main.o(!!!main)
    __scatterload                            0x00000115   Thumb Code     0  __scatter.o(!!!scatter)
    __scatterload_rt2                        0x00000115   Thumb Code    44  __scatter.o(!!!scatter)
    __scatterload_rt2_thumb_only             0x00000115   Thumb Code     0  __scatter.o(!!!scatter)
    __scatterload_null                       0x00000123   Thumb Code     0  __scatter.o(!!!scatter)
    __scatterload_copy                       0x00000149   Thumb Code    26  __scatter_copy.o(!!handler_copy)
    __scatterload_zeroinit                   0x00000165   Thumb Code    28  __scatter_zi.o(!!handler_zi)
    __rt_lib_init                            0x00000181   Thumb Code     0  libinit.o(.ARM.Collect$$libinit$$00000000)
    __rt_lib_init_alloca_1                   0x00000183   Thumb Code     0  libinit2.o(.ARM.Collect$$libinit$$0000002C)
    __rt_lib_init_argv_1                     0x00000183   Thumb Code     0  libinit2.o(.ARM.Collect$$libinit$$0000002A)
    __rt_lib_init_atexit_1                   0x00000183   Thumb Code     0  libinit2.o(.ARM.Collect$$libinit$$00000019)
    __rt_lib_init_clock_1                    0x00000183   Thumb Code     0  libinit2.o(.ARM.Collect$$libinit$$0000001F)
    __rt_lib_init_cpp_1                      0x00000183   Thumb Code     0  libinit2.o(.ARM.Collect$$libinit$$00000030)
    __rt_lib_init_exceptions_1               0x00000183   Thumb Code     0  libinit2.o(.ARM.Collect$$libinit$$0000002E)
    __rt_lib_init_fp_1                       0x00000183   Thumb Code     0  libinit2.o(.ARM.Collect$$libinit$$00000002)
    __rt_lib_init_fp_trap_1                  0x00000183   Thumb Code     0  libinit2.o(.ARM.Collect$$libinit$$0000001D)
    __rt_lib_init_getenv_1                   0x00000183   Thumb Code     0  libinit2.o(.ARM.Collect$$libinit$$00000021)
    __rt_lib_init_heap_1                     0x00000183   Thumb Code     0  libinit2.o(.ARM.Collect$$libinit$$00000008)
    __rt_lib_init_lc_collate_1               0x00000183   Thumb Code     0  libinit2.o(.ARM.Collect$$libinit$$0000000F)
    __rt_lib_init_lc_ctype_1                 0x00000183   Thumb Code     0  libinit2.o(.ARM.Collect$$libinit$$00000011)
    __rt_lib_init_lc_monetary_1              0x00000183   Thumb Code     0  libinit2.o(.ARM.Collect$$libinit$$00000013)
    __rt_lib_init_lc_numeric_1               0x00000183   Thumb Code     0  libinit2.o(.ARM.Collect$$libinit$$00000015)
    __rt_lib_init_lc_time_1                  0x00000183   Thumb Code     0  libinit2.o(.ARM.Collect$$libinit$$00000017)
    __rt_lib_init_rand_1                     0x00000183   Thumb Code     0  libinit2.o(.ARM.Collect$$libinit$$0000000C)
    __rt_lib_init_return                     0x00000183   Thumb Code     0  libinit2.o(.ARM.Collect$$libinit$$00000031)
    __rt_lib_init_signal_1                   0x00000183   Thumb Code     0  libinit2.o(.ARM.Collect$$libinit$$0000001B)
    __rt_lib_init_stdio_1                    0x00000183   Thumb Code     0  libinit2.o(.ARM.Collect$$libinit$$00000023)
    __rt_lib_init_user_alloc_1               0x00000183   Thumb Code     0  libinit2.o(.ARM.Collect$$libinit$$0000000A)
    __rt_lib_shutdown                        0x00000185   Thumb Code     0  libshutdown.o(.ARM.Collect$$libshutdown$$00000000)
    __rt_lib_shutdown_fp_trap_1              0x00000187   Thumb Code     0  libshutdown2.o(.ARM.Collect$$libshutdown$$00000006)
    __rt_lib_shutdown_heap_1                 0x00000187   Thumb Code     0  libshutdown2.o(.ARM.Collect$$libshutdown$$0000000E)
    __rt_lib_shutdown_return                 0x00000187   Thumb Code     0  libshutdown2.o(.ARM.Collect$$libshutdown$$0000000F)
    __rt_lib_shutdown_signal_1               0x00000187   Thumb Code     0  libshutdown2.o(.ARM.Collect$$libshutdown$$00000009)
    __rt_lib_shutdown_stdio_1                0x00000187   Thumb Code     0  libshutdown2.o(.ARM.Collect$$libshutdown$$00000003)
    __rt_lib_shutdown_user_alloc_1           0x00000187   Thumb Code     0  libshutdown2.o(.ARM.Collect$$libshutdown$$0000000B)
    __rt_entry                               0x00000189   Thumb Code     0  rtentry.o(.ARM.Collect$$rtentry$$00000000)
    __rt_entry_presh_1                       0x00000189   Thumb Code     0  rtentry2.o(.ARM.Collect$$rtentry$$00000002)
    __rt_entry_sh                            0x00000189   Thumb Code     0  rtentry4.o(.ARM.Collect$$rtentry$$00000004)
    __rt_entry_li                            0x0000018f   Thumb Code     0  rtentry2.o(.ARM.Collect$$rtentry$$0000000A)
    __rt_entry_postsh_1                      0x0000018f   Thumb Code     0  rtentry2.o(.ARM.Collect$$rtentry$$00000009)
    __rt_entry_main                          0x00000193   Thumb Code     0  rtentry2.o(.ARM.Collect$$rtentry$$0000000D)
    __rt_entry_postli_1                      0x00000193   Thumb Code     0  rtentry2.o(.ARM.Collect$$rtentry$$0000000C)
    __rt_exit                                0x0000019b   Thumb Code     0  rtexit.o(.ARM.Collect$$rtexit$$00000000)
    __rt_exit_ls                             0x0000019d   Thumb Code     0  rtexit2.o(.ARM.Collect$$rtexit$$00000003)
    __rt_exit_prels_1                        0x0000019d   Thumb Code     0  rtexit2.o(.ARM.Collect$$rtexit$$00000002)
    __rt_exit_exit                           0x000001a1   Thumb Code     0  rtexit2.o(.ARM.Collect$$rtexit$$00000004)
    __user_initial_stackheap                 0x000001a9   Thumb Code     0  startup.o(.text)
    Init_MCU                                 0x000001c1   Thumb Code    28  cm3_mcu.o(.text)
    Init_Ports                               0x000001e9   Thumb Code   254  cm3_ports.o(.text)
    Config_Timer_0                           0x000002fd   Thumb Code    42  cm3_timer.o(.text)
    Init_uart_0                              0x00000331   Thumb Code    98  cm3_uart.o(.text)
    Desh_uart_0                              0x00000393   Thumb Code     8  cm3_uart.o(.text)
    Hab_uart_0                               0x0000039b   Thumb Code    16  cm3_uart.o(.text)
    Init_uart_1                              0x000003ab   Thumb Code   112  cm3_uart.o(.text)
    Desh_uart_1                              0x0000041b   Thumb Code     8  cm3_uart.o(.text)
    Hab_uart_1                               0x00000423   Thumb Code    16  cm3_uart.o(.text)
    delay                                    0x00000455   Thumb Code    26  delay.o(.text)
    Init_QEI_0                               0x00000471   Thumb Code   194  cm3_qei.o(.text)
    Encoder_Direction                        0x00000533   Thumb Code    46  cm3_qei.o(.text)
    Position_Integrator                      0x00000561   Thumb Code     6  cm3_qei.o(.text)
    Actual_Count                             0x00000567   Thumb Code     6  cm3_qei.o(.text)
    Previous_Count                           0x0000056d   Thumb Code     6  cm3_qei.o(.text)
    PWM2_Init                                0x00000591   Thumb Code   176  cm3_pwm.o(.text)
    PWM2_Duty_A                              0x00000641   Thumb Code     8  cm3_pwm.o(.text)
    PWM2_Duty_B                              0x00000649   Thumb Code     8  cm3_pwm.o(.text)
    PWM2_ENABLE_A                            0x00000651   Thumb Code    14  cm3_pwm.o(.text)
    PWM2_ENABLE_B                            0x0000065f   Thumb Code    14  cm3_pwm.o(.text)
    PWM2_DISABLE_A                           0x0000066d   Thumb Code    14  cm3_pwm.o(.text)
    PWM2_DISABLE_B                           0x0000067b   Thumb Code    14  cm3_pwm.o(.text)
    main                                     0x000006ad   Thumb Code   306  main.o(.text)
    Tm_Defina                                0x00000805   Thumb Code    58  tiempo.o(.text)
    Tm_Procese                               0x0000083f   Thumb Code   188  tiempo.o(.text)
    Tm_Inicie_periodico                      0x000008fb   Thumb Code    32  tiempo.o(.text)
    Tm_Hubo_periodico                        0x0000091b   Thumb Code    18  tiempo.o(.text)
    Tm_Baje_periodico                        0x0000092d   Thumb Code    28  tiempo.o(.text)
    Tm_Termine_periodico                     0x00000949   Thumb Code    16  tiempo.o(.text)
    Tm_Inicie_timeout                        0x00000959   Thumb Code    30  tiempo.o(.text)
    Tm_Hubo_timeout                          0x00000977   Thumb Code    20  tiempo.o(.text)
    Tm_Termine_timeout                       0x0000098b   Thumb Code    10  tiempo.o(.text)
    Crear_manejador_fifo                     0x00000999   Thumb Code    36  fifo.o(.text)
    Agregar_dato_fifo                        0x000009bd   Thumb Code    52  fifo.o(.text)
    Extraer_dato_fifo                        0x000009f1   Thumb Code    48  fifo.o(.text)
    Husmear_dato_fifo                        0x00000a21   Thumb Code    18  fifo.o(.text)
    Numero_datos_fifo                        0x00000a33   Thumb Code     6  fifo.o(.text)
    Porcentaje_ocupacion_fifo                0x00000a39   Thumb Code    18  fifo.o(.text)
    Borrar_datos_fifo                        0x00000a4b   Thumb Code    10  fifo.o(.text)
    Leer_Pedales                             0x00000a55   Thumb Code   246  accionadores.o(.text)
    Servicios_Acc                            0x00000b4b   Thumb Code    10  accionadores.o(.text)
    Leer_Final_Carrera                       0x00000b7d   Thumb Code   244  control_valvula.o(.text)
    Servicios_Final_Carrera                  0x00000c71   Thumb Code     6  control_valvula.o(.text)
    Lectura_Encoder                          0x00000ca1   Thumb Code   284  encoder.o(.text)
    Servicios_Encoder                        0x00000dbd   Thumb Code    10  encoder.o(.text)
    Crear_Buffer                             0x00000df1   Thumb Code    30  comunicacion.o(.text)
    Enviar_Dato_Uart0                        0x00000e0f   Thumb Code   206  comunicacion.o(.text)
    Enviar_Caracter_Uart0                    0x00000edd   Thumb Code    14  comunicacion.o(.text)
    Nueva_Linea                              0x00000eeb   Thumb Code    20  comunicacion.o(.text)
    Enviar_Uart0                             0x00000eff   Thumb Code    22  comunicacion.o(.text)
    Enviar_Dato_Uart1                        0x00000f15   Thumb Code   228  comunicacion.o(.text)
    Enviar_Caracter_Uart1                    0x00000ff9   Thumb Code    14  comunicacion.o(.text)
    Enviar_Uart1                             0x00001007   Thumb Code    22  comunicacion.o(.text)
    Control_Motor                            0x0000102d   Thumb Code  1358  control_motor.o(.text)
    Servicios_Motor                          0x0000157b   Thumb Code    14  control_motor.o(.text)
    __aeabi_memcpy4                          0x000015b1   Thumb Code     0  rt_memcpy_w.o(.text)
    __aeabi_memcpy8                          0x000015b1   Thumb Code     0  rt_memcpy_w.o(.text)
    __rt_memcpy_w                            0x000015b1   Thumb Code   100  rt_memcpy_w.o(.text)
    _memcpy_lastbytes_aligned                0x000015f9   Thumb Code     0  rt_memcpy_w.o(.text)
    __use_two_region_memory                  0x00001615   Thumb Code     2  heapauxi.o(.text)
    __rt_heap_escrow$2region                 0x00001617   Thumb Code     2  heapauxi.o(.text)
    __rt_heap_expand$2region                 0x00001619   Thumb Code     2  heapauxi.o(.text)
    __user_setup_stackheap                   0x0000161b   Thumb Code    74  sys_stackheap_outer.o(.text)
    exit                                     0x00001665   Thumb Code    12  exit.o(.text)
    __user_libspace                          0x00001671   Thumb Code     8  libspace.o(.text)
    __user_perproc_libspace                  0x00001671   Thumb Code     0  libspace.o(.text)
    __user_perthread_libspace                0x00001671   Thumb Code     0  libspace.o(.text)
    _sys_exit                                0x00001679   Thumb Code     8  sys_exit.o(.text)
    __I$use$semihosting                      0x00001685   Thumb Code     0  use_no_semi.o(.text)
    __use_no_semihosting_swi                 0x00001685   Thumb Code     2  use_no_semi.o(.text)
    __fpl_dcmp_Inf                           0x00001687   Thumb Code    24  dcmpi.o(x$fpl$dcmpinf)
    __semihosting_library_function           0x00001687   Thumb Code     0  indicate_semi.o(.text)
    __aeabi_d2iz                             0x000016a1   Thumb Code     0  dfix.o(x$fpl$dfix)
    _dfix                                    0x000016a1   Thumb Code    94  dfix.o(x$fpl$dfix)
    __aeabi_d2uiz                            0x00001701   Thumb Code     0  dfixu.o(x$fpl$dfixu)
    _dfixu                                   0x00001701   Thumb Code    90  dfixu.o(x$fpl$dfixu)
    __aeabi_i2d                              0x0000175b   Thumb Code     0  dflt_clz.o(x$fpl$dflt)
    _dflt                                    0x0000175b   Thumb Code    46  dflt_clz.o(x$fpl$dflt)
    __aeabi_cdcmple                          0x00001789   Thumb Code     0  dleqf.o(x$fpl$dleqf)
    _dcmple                                  0x00001789   Thumb Code   120  dleqf.o(x$fpl$dleqf)
    __fpl_dcmple_InfNaN                      0x000017eb   Thumb Code     0  dleqf.o(x$fpl$dleqf)
    __aeabi_dmul                             0x00001801   Thumb Code     0  dmul.o(x$fpl$dmul)
    _dmul                                    0x00001801   Thumb Code   332  dmul.o(x$fpl$dmul)
    __fpl_dnaninf                            0x00001955   Thumb Code   156  dnaninf.o(x$fpl$dnaninf)
    __fpl_dretinf                            0x000019f1   Thumb Code    12  dretinf.o(x$fpl$dretinf)
    __aeabi_cdrcmple                         0x000019fd   Thumb Code     0  drleqf.o(x$fpl$drleqf)
    _drcmple                                 0x000019fd   Thumb Code   108  drleqf.o(x$fpl$drleqf)
    __aeabi_f2iz                             0x00001a69   Thumb Code     0  ffix.o(x$fpl$ffix)
    _ffix                                    0x00001a69   Thumb Code    54  ffix.o(x$fpl$ffix)
    __aeabi_fmul                             0x00001aa1   Thumb Code     0  fmul.o(x$fpl$fmul)
    _fmul                                    0x00001aa1   Thumb Code   258  fmul.o(x$fpl$fmul)
    __fpl_fnaninf                            0x00001ba3   Thumb Code   140  fnaninf.o(x$fpl$fnaninf)
    __fpl_fretinf                            0x00001c2f   Thumb Code    10  fretinf.o(x$fpl$fretinf)
    Region$$Table$$Base                      0x00001c38   Number         0  anon$$obj.o(Region$$Table)
    __I$use$fp                               0x00001c38   Number         0  usenofp.o(x$fpl$usenofp)
    Region$$Table$$Limit                     0x00001c58   Number         0  anon$$obj.o(Region$$Table)
    Estado_actual_pedal1                     0x20000000   Data           1  accionadores.o(.data)
    Estado_actual_pedal2                     0x20000001   Data           1  accionadores.o(.data)
    Estado_anterior_pedal1                   0x20000002   Data           1  accionadores.o(.data)
    Estado_anterior_pedal2                   0x20000003   Data           1  accionadores.o(.data)
    Flanco_Pedal1                            0x20000004   Data           1  accionadores.o(.data)
    Flanco_Pedal2                            0x20000005   Data           1  accionadores.o(.data)
    Direccion_carrusel                       0x20000006   Data           1  accionadores.o(.data)
    Estado_actual_sensor                     0x20000010   Data           1  control_valvula.o(.data)
    Estado_anterior_sensor                   0x20000011   Data           1  control_valvula.o(.data)
    Estado_valvula                           0x20000012   Data           1  control_valvula.o(.data)
    Estado_nuevo_valvula                     0x20000013   Data           1  control_valvula.o(.data)
    valvula                                  0x20000014   Data           1  control_valvula.o(.data)
    Flanco                                   0x20000015   Data           1  control_valvula.o(.data)
    Delta_posicion                           0x2000001c   Data           4  encoder.o(.data)
    Velocidad                                0x20000020   Data           4  encoder.o(.data)
    Integrador_posicion_anterior             0x20000024   Data           4  encoder.o(.data)
    Integrador_posicion                      0x20000028   Data           4  encoder.o(.data)
    Direccion                                0x2000002c   Data           1  encoder.o(.data)
    Angulo                                   0x20000030   Data           4  encoder.o(.data)
    Posicion_carrusel                        0x20000040   Data           4  control_motor.o(.data)
    Direccion_carrusel_puenteH               0x20000044   Data           4  control_motor.o(.data)
    Integrador_carrusel                      0x20000048   Data           4  control_motor.o(.data)
    Set_point_carrusel                       0x2000004c   Data           4  control_motor.o(.data)
    Accion_proporcional                      0x20000050   Data           4  control_motor.o(.data)
    Accion_integral                          0x20000054   Data           4  control_motor.o(.data)
    Accion_derivativa                        0x20000058   Data           4  control_motor.o(.data)
    Accion_PID                               0x20000060   Data           8  control_motor.o(.data)
    Error_posicion_carrusel                  0x20000068   Data           4  control_motor.o(.data)
    Error_anterior                           0x2000006c   Data           4  control_motor.o(.data)
    Siguiente_desplazamiento                 0x2000007c   Data           4  control_motor.o(.data)
    __libspace_start                         0x20000504   Data          96  libspace.o(.bss)
    __temporary_stack_top$libspace           0x20000564   Data           0  libspace.o(.bss)



==============================================================================

Memory Map of the image

  Image Entry point : 0x0000010d

  Load Region LR_IROM1 (Base: 0x00000000, Size: 0x00001cd8, Max: 0x00040000, ABSOLUTE)

    Execution Region ER_IROM1 (Base: 0x00000000, Size: 0x00001c58, Max: 0x00040000, ABSOLUTE)

    Base Addr    Size         Type   Attr      Idx    E Section Name        Object

    0x00000000   0x0000010c   Code   RO            3    RESET               startup.o
    0x0000010c   0x00000008   Code   RO          275  * !!!main             c_w.l(__main.o)
    0x00000114   0x00000034   Code   RO          466    !!!scatter          c_w.l(__scatter.o)
    0x00000148   0x0000001a   Code   RO          468    !!handler_copy      c_w.l(__scatter_copy.o)
    0x00000162   0x00000002   PAD
    0x00000164   0x0000001c   Code   RO          470    !!handler_zi        c_w.l(__scatter_zi.o)
    0x00000180   0x00000002   Code   RO          339    .ARM.Collect$$libinit$$00000000  c_w.l(libinit.o)
    0x00000182   0x00000000   Code   RO          346    .ARM.Collect$$libinit$$00000002  c_w.l(libinit2.o)
    0x00000182   0x00000000   Code   RO          349    .ARM.Collect$$libinit$$00000008  c_w.l(libinit2.o)
    0x00000182   0x00000000   Code   RO          351    .ARM.Collect$$libinit$$0000000A  c_w.l(libinit2.o)
    0x00000182   0x00000000   Code   RO          353    .ARM.Collect$$libinit$$0000000C  c_w.l(libinit2.o)
    0x00000182   0x00000000   Code   RO          356    .ARM.Collect$$libinit$$0000000F  c_w.l(libinit2.o)
    0x00000182   0x00000000   Code   RO          358    .ARM.Collect$$libinit$$00000011  c_w.l(libinit2.o)
    0x00000182   0x00000000   Code   RO          360    .ARM.Collect$$libinit$$00000013  c_w.l(libinit2.o)
    0x00000182   0x00000000   Code   RO          362    .ARM.Collect$$libinit$$00000015  c_w.l(libinit2.o)
    0x00000182   0x00000000   Code   RO          364    .ARM.Collect$$libinit$$00000017  c_w.l(libinit2.o)
    0x00000182   0x00000000   Code   RO          366    .ARM.Collect$$libinit$$00000019  c_w.l(libinit2.o)
    0x00000182   0x00000000   Code   RO          368    .ARM.Collect$$libinit$$0000001B  c_w.l(libinit2.o)
    0x00000182   0x00000000   Code   RO          370    .ARM.Collect$$libinit$$0000001D  c_w.l(libinit2.o)
    0x00000182   0x00000000   Code   RO          372    .ARM.Collect$$libinit$$0000001F  c_w.l(libinit2.o)
    0x00000182   0x00000000   Code   RO          374    .ARM.Collect$$libinit$$00000021  c_w.l(libinit2.o)
    0x00000182   0x00000000   Code   RO          376    .ARM.Collect$$libinit$$00000023  c_w.l(libinit2.o)
    0x00000182   0x00000000   Code   RO          380    .ARM.Collect$$libinit$$0000002A  c_w.l(libinit2.o)
    0x00000182   0x00000000   Code   RO          382    .ARM.Collect$$libinit$$0000002C  c_w.l(libinit2.o)
    0x00000182   0x00000000   Code   RO          384    .ARM.Collect$$libinit$$0000002E  c_w.l(libinit2.o)
    0x00000182   0x00000000   Code   RO          386    .ARM.Collect$$libinit$$00000030  c_w.l(libinit2.o)
    0x00000182   0x00000002   Code   RO          387    .ARM.Collect$$libinit$$00000031  c_w.l(libinit2.o)
    0x00000184   0x00000002   Code   RO          407    .ARM.Collect$$libshutdown$$00000000  c_w.l(libshutdown.o)
    0x00000186   0x00000000   Code   RO          421    .ARM.Collect$$libshutdown$$00000003  c_w.l(libshutdown2.o)
    0x00000186   0x00000000   Code   RO          424    .ARM.Collect$$libshutdown$$00000006  c_w.l(libshutdown2.o)
    0x00000186   0x00000000   Code   RO          427    .ARM.Collect$$libshutdown$$00000009  c_w.l(libshutdown2.o)
    0x00000186   0x00000000   Code   RO          429    .ARM.Collect$$libshutdown$$0000000B  c_w.l(libshutdown2.o)
    0x00000186   0x00000000   Code   RO          432    .ARM.Collect$$libshutdown$$0000000E  c_w.l(libshutdown2.o)
    0x00000186   0x00000002   Code   RO          433    .ARM.Collect$$libshutdown$$0000000F  c_w.l(libshutdown2.o)
    0x00000188   0x00000000   Code   RO          303    .ARM.Collect$$rtentry$$00000000  c_w.l(rtentry.o)
    0x00000188   0x00000000   Code   RO          316    .ARM.Collect$$rtentry$$00000002  c_w.l(rtentry2.o)
    0x00000188   0x00000006   Code   RO          328    .ARM.Collect$$rtentry$$00000004  c_w.l(rtentry4.o)
    0x0000018e   0x00000000   Code   RO          318    .ARM.Collect$$rtentry$$00000009  c_w.l(rtentry2.o)
    0x0000018e   0x00000004   Code   RO          319    .ARM.Collect$$rtentry$$0000000A  c_w.l(rtentry2.o)
    0x00000192   0x00000000   Code   RO          321    .ARM.Collect$$rtentry$$0000000C  c_w.l(rtentry2.o)
    0x00000192   0x00000008   Code   RO          322    .ARM.Collect$$rtentry$$0000000D  c_w.l(rtentry2.o)
    0x0000019a   0x00000002   Code   RO          343    .ARM.Collect$$rtexit$$00000000  c_w.l(rtexit.o)
    0x0000019c   0x00000000   Code   RO          389    .ARM.Collect$$rtexit$$00000002  c_w.l(rtexit2.o)
    0x0000019c   0x00000004   Code   RO          390    .ARM.Collect$$rtexit$$00000003  c_w.l(rtexit2.o)
    0x000001a0   0x00000006   Code   RO          391    .ARM.Collect$$rtexit$$00000004  c_w.l(rtexit2.o)
    0x000001a6   0x00000002   PAD
    0x000001a8   0x00000018   Code   RO            4    .text               startup.o
    0x000001c0   0x00000028   Code   RO           11    .text               cm3_mcu.o
    0x000001e8   0x00000114   Code   RO           36    .text               cm3_ports.o
    0x000002fc   0x00000034   Code   RO           51    .text               cm3_timer.o
    0x00000330   0x00000124   Code   RO           69    .text               cm3_uart.o
    0x00000454   0x0000001a   Code   RO           81    .text               delay.o
    0x0000046e   0x00000002   PAD
    0x00000470   0x00000120   Code   RO           91    .text               cm3_qei.o
    0x00000590   0x0000011c   Code   RO          106    .text               cm3_pwm.o
    0x000006ac   0x00000158   Code   RO          121    .text               main.o
    0x00000804   0x00000194   Code   RO          165    .text               tiempo.o
    0x00000998   0x000000bc   Code   RO          180    .text               fifo.o
    0x00000a54   0x00000128   Code   RO          195    .text               accionadores.o
    0x00000b7c   0x00000124   Code   RO          210    .text               control_valvula.o
    0x00000ca0   0x00000150   Code   RO          225    .text               encoder.o
    0x00000df0   0x0000023c   Code   RO          240    .text               comunicacion.o
    0x0000102c   0x00000584   Code   RO          254    .text               control_motor.o
    0x000015b0   0x00000064   Code   RO          271    .text               c_w.l(rt_memcpy_w.o)
    0x00001614   0x00000006   Code   RO          273    .text               c_w.l(heapauxi.o)
    0x0000161a   0x0000004a   Code   RO          330    .text               c_w.l(sys_stackheap_outer.o)
    0x00001664   0x0000000c   Code   RO          332    .text               c_w.l(exit.o)
    0x00001670   0x00000008   Code   RO          340    .text               c_w.l(libspace.o)
    0x00001678   0x0000000c   Code   RO          399    .text               c_w.l(sys_exit.o)
    0x00001684   0x00000002   Code   RO          410    .text               c_w.l(use_no_semi.o)
    0x00001686   0x00000000   Code   RO          412    .text               c_w.l(indicate_semi.o)
    0x00001686   0x00000018   Code   RO          304    x$fpl$dcmpinf       fz_ws.l(dcmpi.o)
    0x0000169e   0x00000002   PAD
    0x000016a0   0x0000005e   Code   RO          277    x$fpl$dfix          fz_ws.l(dfix.o)
    0x000016fe   0x00000002   PAD
    0x00001700   0x0000005a   Code   RO          281    x$fpl$dfixu         fz_ws.l(dfixu.o)
    0x0000175a   0x0000002e   Code   RO          286    x$fpl$dflt          fz_ws.l(dflt_clz.o)
    0x00001788   0x00000078   Code   RO          291    x$fpl$dleqf         fz_ws.l(dleqf.o)
    0x00001800   0x00000154   Code   RO          293    x$fpl$dmul          fz_ws.l(dmul.o)
    0x00001954   0x0000009c   Code   RO          306    x$fpl$dnaninf       fz_ws.l(dnaninf.o)
    0x000019f0   0x0000000c   Code   RO          308    x$fpl$dretinf       fz_ws.l(dretinf.o)
    0x000019fc   0x0000006c   Code   RO          295    x$fpl$drleqf        fz_ws.l(drleqf.o)
    0x00001a68   0x00000036   Code   RO          297    x$fpl$ffix          fz_ws.l(ffix.o)
    0x00001a9e   0x00000002   PAD
    0x00001aa0   0x00000102   Code   RO          301    x$fpl$fmul          fz_ws.l(fmul.o)
    0x00001ba2   0x0000008c   Code   RO          310    x$fpl$fnaninf       fz_ws.l(fnaninf.o)
    0x00001c2e   0x0000000a   Code   RO          312    x$fpl$fretinf       fz_ws.l(fretinf.o)
    0x00001c38   0x00000000   Code   RO          314    x$fpl$usenofp       fz_ws.l(usenofp.o)
    0x00001c38   0x00000020   Data   RO          464    Region$$Table       anon$$obj.o


    Execution Region RW_IRAM1 (Base: 0x20000000, Size: 0x00000668, Max: 0x00010000, ABSOLUTE)

    Base Addr    Size         Type   Attr      Idx    E Section Name        Object

    0x20000000   0x00000010   Data   RW          196    .data               accionadores.o
    0x20000010   0x0000000c   Data   RW          211    .data               control_valvula.o
    0x2000001c   0x00000020   Data   RW          226    .data               encoder.o
    0x2000003c   0x00000004   PAD
    0x20000040   0x00000040   Data   RW          255    .data               control_motor.o
    0x20000080   0x00000086   Zero   RW          122    .bss                main.o
    0x20000106   0x00000002   PAD
    0x20000108   0x000003fc   Zero   RW          241    .bss                comunicacion.o
    0x20000504   0x00000060   Zero   RW          341    .bss                c_w.l(libspace.o)
    0x20000564   0x00000004   PAD
    0x20000568   0x00000000   Zero   RW            2    HEAP                startup.o
    0x20000568   0x00000100   Zero   RW            1    STACK               startup.o


==============================================================================

Image component sizes


      Code (inc. data)   RO Data    RW Data    ZI Data      Debug   Object Name

       296         40          0         16          0       1666   accionadores.o
        40         12          0          0          0       1863   cm3_mcu.o
       276         22          0          0          0        501   cm3_ports.o
       284         36          0          0          0       1346   cm3_pwm.o
       288         30          0          0          0       1055   cm3_qei.o
        52         10          0          0          0        505   cm3_timer.o
       292         34          0          0          0       1000   cm3_uart.o
       572         16          0          0       1020       2029   comunicacion.o
      1412        108          0         64          0       2535   control_motor.o
       292         42          0         12          0       1522   control_valvula.o
        26          0          0          0          0        480   delay.o
       336         42          0         32          0       1489   encoder.o
       188          0          0          0          0       2599   fifo.o
       344         38          0          0        134       2623   main.o
       292        272          0          0        256        404   startup.o
       404          4          0          0          0       3337   tiempo.o

    ----------------------------------------------------------------------
      5396        706         32        128       1412      24954   Object Totals
         0          0         32          0          0          0   (incl. Generated)
         2          0          0          4          2          0   (incl. Padding)

    ----------------------------------------------------------------------

      Code (inc. data)   RO Data    RW Data    ZI Data      Debug   Library Member Name

         8          0          0          0          0         68   __main.o
        52          8          0          0          0          0   __scatter.o
        26          0          0          0          0          0   __scatter_copy.o
        28          0          0          0          0          0   __scatter_zi.o
        12          0          0          0          0         72   exit.o
         6          0          0          0          0        152   heapauxi.o
         0          0          0          0          0          0   indicate_semi.o
         2          0          0          0          0          0   libinit.o
         2          0          0          0          0          0   libinit2.o
         2          0          0          0          0          0   libshutdown.o
         2          0          0          0          0          0   libshutdown2.o
         8          4          0          0         96         68   libspace.o
       100          0          0          0          0         80   rt_memcpy_w.o
         0          0          0          0          0          0   rtentry.o
        12          0          0          0          0          0   rtentry2.o
         6          0          0          0          0          0   rtentry4.o
         2          0          0          0          0          0   rtexit.o
        10          0          0          0          0          0   rtexit2.o
        12          4          0          0          0         68   sys_exit.o
        74          0          0          0          0         80   sys_stackheap_outer.o
         2          0          0          0          0         68   use_no_semi.o
        24          0          0          0          0         68   dcmpi.o
        94          4          0          0          0         92   dfix.o
        90          4          0          0          0         92   dfixu.o
        46          0          0          0          0         68   dflt_clz.o
       120          4          0          0          0         92   dleqf.o
       340         12          0          0          0        104   dmul.o
       156          4          0          0          0         92   dnaninf.o
        12          0          0          0          0         68   dretinf.o
       108          0          0          0          0         80   drleqf.o
        54          4          0          0          0         84   ffix.o
       258          4          0          0          0         84   fmul.o
       140          4          0          0          0         84   fnaninf.o
        10          0          0          0          0         68   fretinf.o
         0          0          0          0          0          0   usenofp.o

    ----------------------------------------------------------------------
      1828         56          0          0        100       1732   Library Totals
        10          0          0          0          4          0   (incl. Padding)

    ----------------------------------------------------------------------

      Code (inc. data)   RO Data    RW Data    ZI Data      Debug   Library Name

       366         16          0          0         96        656   c_w.l
      1452         40          0          0          0       1076   fz_ws.l

    ----------------------------------------------------------------------
      1828         56          0          0        100       1732   Library Totals

    ----------------------------------------------------------------------

==============================================================================


      Code (inc. data)   RO Data    RW Data    ZI Data      Debug   

      7224        762         32        128       1512      24606   Grand Totals
      7224        762         32        128       1512      24606   ELF Image Totals
      7224        762         32        128          0          0   ROM Totals

==============================================================================

    Total RO  Size (Code + RO Data)                 7256 (   7.09kB)
    Total RW  Size (RW Data + ZI Data)              1640 (   1.60kB)
    Total ROM Size (Code + RO Data + RW Data)       7384 (   7.21kB)

==============================================================================

